** Drc report for OBDTelemetryPCB.kicad_pcb **
** Created on 2026-03-28T14:59:08-0700 **

** Found 24 DRC violations **
[clearance]: Clearance violation (netclass 'Default' clearance 0.2000 mm; actual 0.1800 mm)
    Rule: netclass 'Default'; error
    @(171.1450 mm, 104.1000 mm): Pad 1 [/SDA] of R4 on B.Cu
    @(170.5050 mm, 104.1000 mm): Pad 2 [+3.3V] of R4 on B.Cu
[clearance]: Clearance violation (netclass 'Default' clearance 0.2000 mm; actual 0.1800 mm)
    Rule: netclass 'Default'; error
    @(173.6050 mm, 104.1000 mm): Pad 2 [+3.3V] of R5 on B.Cu
    @(174.2450 mm, 104.1000 mm): Pad 1 [/SCL] of R5 on B.Cu
[clearance]: Clearance violation (netclass 'Default' clearance 0.2000 mm; actual 0.1800 mm)
    Rule: netclass 'Default'; error
    @(168.1250 mm, 129.9050 mm): Pad 1 [/CANL] of R3 on F.Cu
    @(168.1250 mm, 130.5450 mm): Pad 2 [/CANH] of R3 on F.Cu
[clearance]: Clearance violation (netclass 'Default' clearance 0.2000 mm; actual 0.1800 mm)
    Rule: netclass 'Default'; error
    @(165.8300 mm, 111.3000 mm): Pad 1 [Net-(U3-SW)] of L1 on F.Cu
    @(166.4700 mm, 111.3000 mm): Pad 2 [+5V] of L1 on F.Cu
[clearance]: Clearance violation (netclass 'Default' clearance 0.2000 mm; actual 0.1800 mm)
    Rule: netclass 'Default'; error
    @(192.2450 mm, 107.7000 mm): Pad 2 [/EN] of R2 on F.Cu
    @(191.6050 mm, 107.7000 mm): Pad 1 [+3.3V] of R2 on F.Cu
[clearance]: Clearance violation (netclass 'Default' clearance 0.2000 mm; actual 0.1800 mm)
    Rule: netclass 'Default'; error
    @(178.1050 mm, 130.1000 mm): Pad 1 [+3.3V] of R1 on F.Cu
    @(178.7450 mm, 130.1000 mm): Pad 2 [/BOOT] of R1 on F.Cu
[drill_out_of_range]: Hole size out of range (board setup constraints min hole 0.3000 mm; actual 0.2000 mm)
    Rule: board setup constraints; error
    @(188.9850 mm, 115.2500 mm): PTH pad 41 [GND] of U2
[drill_out_of_range]: Hole size out of range (board setup constraints min hole 0.3000 mm; actual 0.2000 mm)
    Rule: board setup constraints; error
    @(187.5850 mm, 115.2500 mm): PTH pad 41 [GND] of U2
[drill_out_of_range]: Hole size out of range (board setup constraints min hole 0.3000 mm; actual 0.2000 mm)
    Rule: board setup constraints; error
    @(189.6850 mm, 115.9500 mm): PTH pad 41 [GND] of U2
[drill_out_of_range]: Hole size out of range (board setup constraints min hole 0.3000 mm; actual 0.2000 mm)
    Rule: board setup constraints; error
    @(188.2850 mm, 115.9500 mm): PTH pad 41 [GND] of U2
[drill_out_of_range]: Hole size out of range (board setup constraints min hole 0.3000 mm; actual 0.2000 mm)
    Rule: board setup constraints; error
    @(186.8850 mm, 115.9500 mm): PTH pad 41 [GND] of U2
[drill_out_of_range]: Hole size out of range (board setup constraints min hole 0.3000 mm; actual 0.2000 mm)
    Rule: board setup constraints; error
    @(188.9850 mm, 116.6500 mm): PTH pad 41 [GND] of U2
[drill_out_of_range]: Hole size out of range (board setup constraints min hole 0.3000 mm; actual 0.2000 mm)
    Rule: board setup constraints; error
    @(187.5850 mm, 116.6500 mm): PTH pad 41 [GND] of U2
[drill_out_of_range]: Hole size out of range (board setup constraints min hole 0.3000 mm; actual 0.2000 mm)
    Rule: board setup constraints; error
    @(189.6850 mm, 117.3500 mm): PTH pad 41 [GND] of U2
[drill_out_of_range]: Hole size out of range (board setup constraints min hole 0.3000 mm; actual 0.2000 mm)
    Rule: board setup constraints; error
    @(188.2850 mm, 117.3500 mm): PTH pad 41 [GND] of U2
[drill_out_of_range]: Hole size out of range (board setup constraints min hole 0.3000 mm; actual 0.2000 mm)
    Rule: board setup constraints; error
    @(186.8850 mm, 117.3500 mm): PTH pad 41 [GND] of U2
[drill_out_of_range]: Hole size out of range (board setup constraints min hole 0.3000 mm; actual 0.2000 mm)
    Rule: board setup constraints; error
    @(188.9850 mm, 118.0500 mm): PTH pad 41 [GND] of U2
[drill_out_of_range]: Hole size out of range (board setup constraints min hole 0.3000 mm; actual 0.2000 mm)
    Rule: board setup constraints; error
    @(187.5850 mm, 118.0500 mm): PTH pad 41 [GND] of U2
[invalid_outline]: Board has malformed outline (not a closed shape)
    Local override; error
    @(159.8750 mm, 119.4000 mm): Segment of J1 on Edge.Cuts
[invalid_outline]: Board has malformed outline (self-intersecting)
    Local override; error
    @(158.3000 mm, 118.4500 mm): Segment of J1 on Edge.Cuts
    @(159.8750 mm, 119.4000 mm): Segment of J1 on Edge.Cuts
[invalid_outline]: Board has malformed outline (self-intersecting)
    Local override; error
    @(158.3000 mm, 112.8500 mm): Segment of J1 on Edge.Cuts
    @(158.3000 mm, 113.2750 mm): Arc of J1 on Edge.Cuts
[invalid_outline]: Board has malformed outline (self-intersecting)
    Local override; error
    @(159.8750 mm, 112.8500 mm): Segment of J1 on Edge.Cuts
    @(158.3000 mm, 112.8500 mm): Segment of J1 on Edge.Cuts
[lib_footprint_mismatch]: Footprint 'ESP32-S3-WROOM-1' does not match copy in library 'RF_Module'.
    Local override; warning
    @(190.7450 mm, 118.1500 mm): Footprint U2
[silk_over_copper]: Silkscreen clipped by solder mask
    Local override; warning
    @(167.9000 mm, 128.8500 mm): Reference field of R3

** Found 0 unconnected pads **

** Found 0 Footprint errors **

** End of Report **
